node.exe : (node:13880) ExperimentalWarning: VM Modules is an 
experimental feature and might change at any time
At C:\Program Files\nodejs\npx.ps1:29 char:3
+   & $NODE_EXE $NPX_CLI_JS $args
+   ~~~~~~~~~~~~~~~~~~~~~~~~~~~~~
    + CategoryInfo          : NotSpecified: ((node:13880) Ex.. 
   .nge at any time:String) [], RemoteException
    + FullyQualifiedErrorId : NativeCommandError
 
(Use `node --trace-warnings ...` to show where the warning was 
created)
[0mPOST /api/auth/register [31m500[0m 270.366 ms - 78[0m
  console.log
    Registration Error Body: {
      success: false,
      message: 'secretOrPrivateKey must have a value',
      errors: []
    }

      at Object.<anonymous> (tests/auth.test.js:28:39)

[0mPOST /api/auth/register [33m400[0m 4.255 ms - 73[0m
[0mPOST /api/auth/register [33m422[0m 1.633 ms - 175[0m
[0mPOST /api/auth/login [31m500[0m 228.696 ms - 78[0m
[0mPOST /api/auth/login [33m401[0m 235.414 ms - 81[0m
FAIL tests/auth.test.js
  Auth API
    POST /api/auth/register
      ├ù should register a new user (301 ms)
      ΓêÜ should return 400 for duplicate email (7 ms)
      ΓêÜ should return 422 for invalid email (5 ms)
    POST /api/auth/login
      ├ù should login with valid credentials (234 ms)
      ΓêÜ should return 401 for wrong password (239 ms)

  ΓùÅ Auth API ΓÇ║ POST /api/auth/register ΓÇ║ should register 
a new user

    expect(received).toBe(expected) // Object.is equality

    Expected: 201
    Received: 500

    [0m [90m 27 |[39m
     [90m 28 |[39m       [36mif[39m (res[33m.[39mstatus 
[33m!==[39m [35m201[39m) 
console[33m.[39mlog([32m'Registration Error 
Body:'[39m[33m,[39m res[33m.[39mbody)[33m;[39m
    [31m[1m>[22m[39m[90m 29 |[39m       expect(res[33m.
[39mstatus)[33m.[39mtoBe([35m201[39m)[33m;[39m
     [90m    |[39m                          
[31m[1m^[22m[39m
     [90m 30 |[39m       expect(res[33m.[39mbody[33m.[39m
success)[33m.[39mtoBe([36mtrue[39m)[33m;[39m
     [90m 31 |[39m       expect(res[33m.[39mbody[33m.[39m
data)[33m.[39mtoHaveProperty([32m'accessToken'[39m)[33m;[
39m
     [90m 32 |[39m       expect(res[33m.[39mbody[33m.[39m
data[33m.[39muser[33m.[39memail)[33m.[39mtoBe([33mTEST_U
SER[39m[33m.[39memail)[33m;[39m[0m

      at Object.<anonymous> (tests/auth.test.js:29:26)

  ΓùÅ Auth API ΓÇ║ POST /api/auth/login ΓÇ║ should login with 
valid credentials

    expect(received).toBe(expected) // Object.is equality

    Expected: 200
    Received: 500

    [0m [90m 54 |[39m         [33m.[39msend({ 
email[33m:[39m 
[33mTEST_USER[39m[33m.[39memail[33m,[39m 
password[33m:[39m [33mTEST_USER[39m[33m.[39mpassword 
})[33m;[39m
     [90m 55 |[39m
    [31m[1m>[22m[39m[90m 56 |[39m       expect(res[33m.
[39mstatus)[33m.[39mtoBe([35m200[39m)[33m;[39m
     [90m    |[39m                          
[31m[1m^[22m[39m
     [90m 57 |[39m       expect(res[33m.[39mbody[33m.[39m
data)[33m.[39mtoHaveProperty([32m'accessToken'[39m)[33m;[
39m
     [90m 58 |[39m     })[33m;[39m
     [90m 59 |[39m[0m

      at Object.<anonymous> (tests/auth.test.js:56:26)

Test Suites: 1 failed, 1 total
Tests:       2 failed, 3 passed, 5 total
Snapshots:   0 total
Time:        1.88 s, estimated 2 s
Ran all test suites matching tests/auth.test.js.
Jest did not exit one second after the test run has completed.

'This usually means that there are asynchronous operations 
that weren't stopped in your tests. Consider running Jest with 
`--detectOpenHandles` to troubleshoot this issue.
D:\cinema-booking\backend\node_modules\mongodb\lib\operations\e
xecute_operation.js:100
            throw new error_1.MongoNotConnectedError('Client 
must be connected before running operations');
                  ^

[MongoNotConnectedError: Client must be connected before 
running operations] {
  errorLabelSet: Set(0) {}
}

Node.js v22.14.0
